// Vitest Snapshot v1, https://vitest.dev/guide/snapshot.html

exports[`Components => molecules => Grid > should render the Grid 1`] = `
<DocumentFragment>
  <div
    class="sc-eLqIir hWmaC"
  >
    <div>
      div1
    </div>
    <div>
      div2
    </div>
    <div>
      div3
    </div>
    <div>
      div4
    </div>
    <div>
      div5
    </div>
    <div>
      div6
    </div>
    <div>
      div7
    </div>
    <div>
      div8
    </div>
    <div>
      div9
    </div>
    <div>
      div10
    </div>
    <div>
      div11
    </div>
    <div>
      div12
    </div>
  </div>
</DocumentFragment>
`;
