// Vitest Snapshot v1, https://vitest.dev/guide/snapshot.html

exports[`Components => atoms => Heading > should render the Heading 1`] = `
<DocumentFragment>
  <a
    class="sc-eLqIir cirJmn"
    href="/"
  >
    <h1
      class="sc-HzRMQ bubYoD"
    >
      title
    </h1>
  </a>
</DocumentFragment>
`;
